---
source: crates/rtf-orchestrator-ui/src/templates/test_plan_detail.rs
expression: render_fragment!(details_failed().as_plan_header())
---

<div class="test-plan-card">
    <h2>my-known-test-plan</h2>
    
    <p>a sample known test plan</p>
    
    <p class="muted location">
        <a href="https://github.com/apollographql/runtime-testing-framework/blob/HEAD/test-plans/example.yaml" target="_blank" rel="noopener noreferrer">apollographql/runtime-testing-framework/test-plans/example.yaml &#8599;</a>
    </p>
    <dl>
        
        
        <dt>Namespace write access</dt>
        <dd>Disabled</dd>
    </dl>
</div>
